[08:49:49.635] [start] mode=AvtpLiveMonitor, fps=100
[08:49:49.655] [live] signal lost -> waiting | prevFeed=None src=Ethernet/AVTP ageMs=n/a timeoutMs=625 suppressMs=1000
[08:49:49.689] [avtp-live] devices:
[08:49:49.749]   [0] WAN Miniport (Network Monitor)  (\Device\NPF_{E493C20C-D117-4FDD-86F9-4405B80C085C})
[08:49:49.810]   [1] WAN Miniport (IPv6)  (\Device\NPF_{AF9DF835-8578-4A6E-8B98-0F8526B27A6C})
[08:49:49.861]   [2] WAN Miniport (IP)  (\Device\NPF_{8F9C0D68-12D7-4E41-A8D7-AEBAD1F3FD82})
[08:49:49.916]   [3] Bluetooth Device (Personal Area Network)  (\Device\NPF_{DD258E78-BC3F-4D12-949A-DAA2A0EAD0FE})
[08:49:49.974]   [4] Intel(R) Wi-Fi 6E AX211 160MHz  (\Device\NPF_{18063C56-49A7-4EFF-AACB-FD871582AECA})
[08:49:50.030]   [5] Microsoft Wi-Fi Direct Virtual Adapter #2  (\Device\NPF_{888E9172-F650-4DEE-AD9B-D5E2D934957E})
[08:49:50.082]   [6] Microsoft Wi-Fi Direct Virtual Adapter  (\Device\NPF_{7D83EF74-60E5-4A62-A378-610CEE2DCC76})
[08:49:50.130]   [7] Check Point Virtual Network Adapter For Endpoint VPN Client  (\Device\NPF_{691B2570-5F24-4AC2-95E2-7EAD6D105533})
[08:49:50.135]   [8] Adapter for loopback traffic capture  (\Device\NPF_Loopback)
[08:49:50.191]   [9] Intel(R) Ethernet Connection (22) I219-LM  (\Device\NPF_{F072677D-0B9A-497A-B15A-0763036C8A77})
[08:49:50.196] [avtp-live] using device: name='\Device\NPF_{F072677D-0B9A-497A-B15A-0763036C8A77}' desc='Intel(R) Ethernet Connection (22) I219-LM'
[08:50:01.933] [start] mode=AvtpLiveMonitor, fps=100
[08:50:01.938] [live] signal lost -> waiting | prevFeed=None src=Ethernet/AVTP ageMs=n/a timeoutMs=625 suppressMs=1000
[08:50:01.940] [avtp-live] devices:
[08:50:01.984]   [0] WAN Miniport (Network Monitor)  (\Device\NPF_{E493C20C-D117-4FDD-86F9-4405B80C085C})
[08:50:02.028]   [1] WAN Miniport (IPv6)  (\Device\NPF_{AF9DF835-8578-4A6E-8B98-0F8526B27A6C})
[08:50:02.077]   [2] WAN Miniport (IP)  (\Device\NPF_{8F9C0D68-12D7-4E41-A8D7-AEBAD1F3FD82})
[08:50:02.122]   [3] Bluetooth Device (Personal Area Network)  (\Device\NPF_{DD258E78-BC3F-4D12-949A-DAA2A0EAD0FE})
[08:50:02.166]   [4] Intel(R) Wi-Fi 6E AX211 160MHz  (\Device\NPF_{18063C56-49A7-4EFF-AACB-FD871582AECA})
[08:50:02.209]   [5] Microsoft Wi-Fi Direct Virtual Adapter #2  (\Device\NPF_{888E9172-F650-4DEE-AD9B-D5E2D934957E})
[08:50:02.253]   [6] Microsoft Wi-Fi Direct Virtual Adapter  (\Device\NPF_{7D83EF74-60E5-4A62-A378-610CEE2DCC76})
[08:50:02.297]   [7] Check Point Virtual Network Adapter For Endpoint VPN Client  (\Device\NPF_{691B2570-5F24-4AC2-95E2-7EAD6D105533})
[08:50:02.301]   [8] Adapter for loopback traffic capture  (\Device\NPF_Loopback)
[08:50:02.341]   [9] Intel(R) Ethernet Connection (22) I219-LM  (\Device\NPF_{F072677D-0B9A-497A-B15A-0763036C8A77})
[08:50:02.346] [avtp-live] using device: name='\Device\NPF_{F072677D-0B9A-497A-B15A-0763036C8A77}' desc='Intel(R) Ethernet Connection (22) I219-LM'
[18:00:19.923] ╔══ LvdsCrc Self-Test ══════════════════════
║ ✓ CRC16 '123456789': computed=0x29B1, expected=0x29B1
║ ✓ CRC16 empty: computed=0xFFFF, expected=0xFFFF
║ ✓ CRC16 Nichia 256×0x00: CRC=0x41E8, verify=True
║ ✓ CRC16 Nichia gradient: CRC=0x3FBD, verify=True
║ ✓ CRC32 '123456789': computed=0xCBF43926, expected=0xCBF43926
║ ✓ CRC32 empty: computed=0x00000000, expected=0x00000000
║ ✓ CRC32 Osram 320×0x00: CRC=0xADC7574D, verify=True
║ ✓ CRC32 Osram gradient: CRC=0x8286AF16, verify=True
║ ✓ CRC16 wrong CRC rejected: verify=False (expect false)
║ ✓ CRC32 wrong CRC rejected: verify=False (expect false)
║ ✓ Nichia row parity 0..67: All 68 rows encode/decode correctly
╚══ ALL 11 TESTS PASSED ═══════════════════

[18:00:32.836] [lvds] reconfigured for Nichia: 256×64 @ 12500000 baud
[18:00:32.842] [lvds-sim] simulated source started
[18:00:32.845] [lvds-diag] line row=0 rowByte=0x80 px[0..5]=[03 04 05 06 07 08] CRC=[B1 B4] OK
[18:00:32.850] [lvds-diag] line row=1 rowByte=0x01 px[0..5]=[07 08 09 0A 0B 0C] CRC=[F2 15] OK
[18:00:32.852] [lvds-diag] line row=2 rowByte=0x02 px[0..5]=[0B 0C 0D 0E 0F 10] CRC=[CF 7B] OK
[18:00:32.857] [lvds-diag] line row=3 rowByte=0x83 px[0..5]=[0F 10 11 12 13 14] CRC=[22 0F] OK
[18:00:32.862] [lvds-diag] line row=4 rowByte=0x04 px[0..5]=[13 14 15 16 17 18] CRC=[66 DE] OK
[18:00:32.867] [lvds-sim] test mode started for Nichia
[18:00:32.870] [lvds-diag] line row=5 rowByte=0x85 px[0..5]=[17 18 19 1A 1B 1C] CRC=[22 77] OK
[18:00:32.875] [lvds-diag] line row=6 rowByte=0x86 px[0..5]=[1B 1C 1D 1E 1F 20] CRC=[E7 95] OK
[18:00:32.879] [lvds-diag] line row=7 rowByte=0x07 px[0..5]=[1F 20 21 22 23 24] CRC=[5E 54] OK
[18:00:32.883] [lvds-diag] line row=8 rowByte=0x08 px[0..5]=[23 24 25 26 27 28] CRC=[DF 8F] OK
[18:00:32.886] [lvds-diag] line row=9 rowByte=0x89 px[0..5]=[27 28 29 2A 2B 2C] CRC=[D7 05] OK
[18:00:35.534] [lvds-sim] simulated source stopped
[18:00:35.541] [lvds-sim] test mode stopped
[18:00:46.427] [start] mode=AvtpLiveMonitor, fps=100
[18:00:46.434] [live] signal lost -> waiting | prevFeed=None src=Ethernet/AVTP ageMs=n/a timeoutMs=625 suppressMs=1000
[18:00:46.438] [avtp-live] devices:
[18:00:46.480]   [0] WAN Miniport (Network Monitor)  (\Device\NPF_{E493C20C-D117-4FDD-86F9-4405B80C085C})
[18:00:46.521]   [1] WAN Miniport (IPv6)  (\Device\NPF_{AF9DF835-8578-4A6E-8B98-0F8526B27A6C})
[18:00:46.595]   [2] WAN Miniport (IP)  (\Device\NPF_{8F9C0D68-12D7-4E41-A8D7-AEBAD1F3FD82})
[18:00:46.663]   [3] Bluetooth Device (Personal Area Network)  (\Device\NPF_{DD258E78-BC3F-4D12-949A-DAA2A0EAD0FE})
[18:00:46.712]   [4] Intel(R) Wi-Fi 6E AX211 160MHz  (\Device\NPF_{18063C56-49A7-4EFF-AACB-FD871582AECA})
[18:00:46.788]   [5] Microsoft Wi-Fi Direct Virtual Adapter #2  (\Device\NPF_{888E9172-F650-4DEE-AD9B-D5E2D934957E})
[18:00:46.852]   [6] Microsoft Wi-Fi Direct Virtual Adapter  (\Device\NPF_{7D83EF74-60E5-4A62-A378-610CEE2DCC76})
[18:00:46.911]   [7] Check Point Virtual Network Adapter For Endpoint VPN Client  (\Device\NPF_{691B2570-5F24-4AC2-95E2-7EAD6D105533})
[18:00:46.917]   [8] Adapter for loopback traffic capture  (\Device\NPF_Loopback)
[18:00:46.971]   [9] Intel(R) Ethernet Connection (22) I219-LM  (\Device\NPF_{F072677D-0B9A-497A-B15A-0763036C8A77})
[18:00:46.979] [avtp-live] using device: name='\Device\NPF_{F072677D-0B9A-497A-B15A-0763036C8A77}' desc='Intel(R) Ethernet Connection (22) I219-LM'
[18:00:48.720] [lvds] reconfigured for Nichia: 256×64 @ 12500000 baud
[18:00:48.729] [lvds-sim] simulated source started
[18:00:48.732] [lvds-diag] line row=0 rowByte=0x80 px[0..5]=[03 04 05 06 07 08] CRC=[B1 B4] OK
[18:00:48.738] [lvds-diag] line row=1 rowByte=0x01 px[0..5]=[07 08 09 0A 0B 0C] CRC=[F2 15] OK
[18:00:48.741] [lvds-diag] line row=2 rowByte=0x02 px[0..5]=[0B 0C 0D 0E 0F 10] CRC=[CF 7B] OK
[18:00:48.746] [lvds-diag] line row=3 rowByte=0x83 px[0..5]=[0F 10 11 12 13 14] CRC=[22 0F] OK
[18:00:48.749] [lvds-diag] line row=4 rowByte=0x04 px[0..5]=[13 14 15 16 17 18] CRC=[66 DE] OK
[18:00:48.752] [lvds-diag] line row=5 rowByte=0x85 px[0..5]=[17 18 19 1A 1B 1C] CRC=[22 77] OK
[18:00:48.755] [lvds-diag] line row=6 rowByte=0x86 px[0..5]=[1B 1C 1D 1E 1F 20] CRC=[E7 95] OK
[18:00:48.759] [lvds-diag] line row=7 rowByte=0x07 px[0..5]=[1F 20 21 22 23 24] CRC=[5E 54] OK
[18:00:48.762] [lvds-diag] line row=8 rowByte=0x08 px[0..5]=[23 24 25 26 27 28] CRC=[DF 8F] OK
[18:00:48.767] [lvds-sim] test mode started for Nichia
[18:00:48.770] [lvds-diag] line row=9 rowByte=0x89 px[0..5]=[27 28 29 2A 2B 2C] CRC=[D7 05] OK
[18:00:50.005] [lvds-sim] simulated source stopped
[18:00:50.012] [lvds-sim] test mode stopped
[10:56:49.240] ╔══ LvdsCrc Self-Test ══════════════════════
║ ✓ CRC16 '123456789': computed=0x29B1, expected=0x29B1
║ ✓ CRC16 empty: computed=0xFFFF, expected=0xFFFF
║ ✓ CRC16 Nichia 256×0x00: CRC=0x41E8, verify=True
║ ✓ CRC16 Nichia gradient: CRC=0x3FBD, verify=True
║ ✓ CRC32 '123456789': computed=0xCBF43926, expected=0xCBF43926
║ ✓ CRC32 empty: computed=0x00000000, expected=0x00000000
║ ✓ CRC32 Osram 320×0x00: CRC=0xADC7574D, verify=True
║ ✓ CRC32 Osram gradient: CRC=0x8286AF16, verify=True
║ ✓ CRC16 wrong CRC rejected: verify=False (expect false)
║ ✓ CRC32 wrong CRC rejected: verify=False (expect false)
║ ✓ Nichia row parity 0..67: All 68 rows encode/decode correctly
╚══ ALL 11 TESTS PASSED ═══════════════════

[10:56:57.403] [lvds] reconfigured for Nichia: 256×64 @ 12500000 baud
[10:56:57.411] [lvds-sim] simulated source started
[10:56:57.412] [lvds-sim] test mode started for Nichia
[10:57:00.730] [lvds-sim] simulated source stopped
[10:57:00.734] [lvds-sim] test mode stopped
[10:57:01.798] [lvds] reconfigured for Nichia: 256×64 @ 12500000 baud
[10:57:01.803] [lvds-sim] simulated source started
[10:57:01.805] [lvds-sim] test mode started for Nichia
[10:57:04.726] [lvds-sim] simulated source stopped
[10:57:04.730] [lvds-sim] test mode stopped
[10:08:35.225] [cmd] Sent SET_DEVICE_MODE → Nichia (0x00)
